// Jest Snapshot v1, https://goo.gl/fbAQLP

exports[`getActionParameters should return action parameters 1`] = `
Object {
  "actor": "mock-actor",
  "owner": "mock-owner",
  "prNumber": 10,
  "repo": "mock-repo",
}
`;

exports[`getInputs should return all inputs 1`] = `
Object {
  "commentTitle": "my title",
  "ignoreFilesPattern": "mock-pattern",
  "reviewMsg": "hello world",
  "tags": Array [
    "test:",
    "data:",
    "more",
  ],
  "token": "mock-token",
}
`;
