// Jest Snapshot v1, https://goo.gl/fbAQLP

exports[`FileAnalyzer should returned all identified comments 1`] = `
Array [
  Object {
    "comments": Object {
      "FIXME:": Array [
        Object {
          "comment": ":add implementation",
          "line": 6,
        },
      ],
      "NOTE": Array [
        Object {
          "comment": "Please don't forget review",
          "line": 10,
        },
        Object {
          "comment": "another note",
          "line": 11,
        },
      ],
      "tODo:": Array [
        Object {
          "comment": "this should present",
          "line": 9,
        },
      ],
    },
    "file": "./tests/mockFiles/mockFile0.js",
  },
]
`;

exports[`FileAnalyzer should skip files with no matches 1`] = `Array []`;
